gplink-1.4.2 #1169 (Jun  8 2016)
Map File - Created 6-18-2016  09:07:58

                                 Section Info
                  Section       Type    Address   Location Size(Bytes)
                ---------  ---------  ---------  ---------  ---------
                 .idata_i    romdata   0x000a0a    program   0x00001c
                   .cinit    romdata   0x000a3e    program   0x00000e
.config_300000_BRAZO_ROBOTICO.O    romdata   0x300000    program   0x000001
.config_300001_BRAZO_ROBOTICO.O    romdata   0x300001    program   0x000001
.config_300002_BRAZO_ROBOTICO.O    romdata   0x300002    program   0x000001
.config_300003_BRAZO_ROBOTICO.O    romdata   0x300003    program   0x000001
.config_300005_BRAZO_ROBOTICO.O    romdata   0x300005    program   0x000001
.config_300006_BRAZO_ROBOTICO.O    romdata   0x300006    program   0x000001
          S_crt0i___entry       code   0x000000    program   0x000004
 S___eeprom_gptrget1_stub       code   0x000004    program   0x000004
S_brazo_robotico_ivec_0x1_highIsr       code   0x000008    program   0x000004
  S_brazo_robotico__mover       code   0x00000c    program   0x0001fc
S_brazo_robotico__tmr0Isr       code   0x000208    program   0x0001c2
S_brazo_robotico__setServoPosition       code   0x0003ca    program   0x00012e
   S_brazo_robotico__puts       code   0x0004f8    program   0x0000c2
        S_mulint___mulint       code   0x0005ba    program   0x0000a0
        S_crt0i___startup       code   0x00065a    program   0x00009e
  S_brazo_robotico__txIsr       code   0x0006f8    program   0x00008a
  S_brazo_robotico__rxIsr       code   0x000782    program   0x000086
  S_brazo_robotico___putc       code   0x000808    program   0x000084
  S_brazo_robotico__getCh       code   0x00088c    program   0x00006c
S_brazo_robotico__highIsr       code   0x0008f8    program   0x00006a
   S_brazo_robotico__main       code   0x000962    program   0x000042
S_brazo_robotico__setupUART       code   0x0009a4    program   0x000022
S_brazo_robotico__setElapsedTm       code   0x0009c6    program   0x000022
    S_gptrget1___gptrget1       code   0x0009e8    program   0x000022
S_eeprom8_gptrget1____eeprom8_gptrget1       code   0x000a26    program   0x000018
                   .idata      idata   0x000060       data   0x00001b
               .registers      udata   0x000000       data   0x000008
           udata_mulint_0      udata   0x00007b       data   0x000002
           udata_mulint_1      udata   0x00007d       data   0x000002
           udata_mulint_2      udata   0x00007f       data   0x000002
   udata_brazo_robotico_2      udata   0x000081       data   0x000001
   udata_brazo_robotico_1      udata   0x000100       data   0x000100
            stack_section      udata   0x000200       data   0x000100
   udata_brazo_robotico_0      udata   0x000700       data   0x000100
      ustat_pic18f4550_00      udata   0x000f62       data   0x000023
      ustat_pic18f4550_01      udata   0x000f89       data   0x000005
      ustat_pic18f4550_02      udata   0x000f92       data   0x000005
      ustat_pic18f4550_03      udata   0x000f9b       data   0x000001
      ustat_pic18f4550_04      udata   0x000f9d       data   0x000006
      ustat_pic18f4550_05      udata   0x000fa6       data   0x000004
      ustat_pic18f4550_06      udata   0x000fab       data   0x00000e
      ustat_pic18f4550_07      udata   0x000fba       data   0x00001a
      ustat_pic18f4550_08      udata   0x000fd5       data   0x00002b



                              Program Memory Usage
                               Start         End
                           ---------   ---------
                            0x000a0a    0x000a25
                            0x000008    0x00000b
                            0x000962    0x0009a3
                            0x00000c    0x000207
                            0x0009a4    0x0009c5
                            0x00088c    0x0008f7
                            0x0004f8    0x0005b9
                            0x000808    0x00088b
                            0x0006f8    0x000781
                            0x000782    0x000807
                            0x000208    0x0003c9
                            0x0009c6    0x0009e7
                            0x0003ca    0x0004f7
                            0x0008f8    0x000961
                            0x300000    0x300000
                            0x300001    0x300001
                            0x300003    0x300003
                            0x300006    0x300006
                            0x300005    0x300005
                            0x300002    0x300002
                            0x000000    0x000003
                            0x00065a    0x0006f7
                            0x0009e8    0x000a09
                            0x0005ba    0x000659
                            0x000004    0x000007
                            0x000a26    0x000a3d
                            0x000a3e    0x000a4b
                            2642 program addresses used



                              Symbols - Sorted by Name
                     Name    Address   Location    Storage File
                ---------  ---------  ---------  --------- ---------
               _00106_DS_   0x00092a    program     static brazo_robotico.c
               _00108_DS_   0x000932    program     static brazo_robotico.c
               _00111_DS_   0x00093a    program     static brazo_robotico.c
               _00116_DS_   0x00045c    program     static brazo_robotico.c
               _00117_DS_   0x000466    program     static brazo_robotico.c
               _00118_DS_   0x000470    program     static brazo_robotico.c
               _00119_DS_   0x00047a    program     static brazo_robotico.c
               _00120_DS_   0x000484    program     static brazo_robotico.c
               _00121_DS_   0x00048e    program     static brazo_robotico.c
               _00122_DS_   0x000498    program     static brazo_robotico.c
               _00123_DS_   0x0004a2    program     static brazo_robotico.c
               _00124_DS_   0x0004ac    program     static brazo_robotico.c
               _00125_DS_   0x0004b4    program     static brazo_robotico.c
               _00134_DS_   0x000402    program     static brazo_robotico.c
               _00135_DS_   0x000412    program     static brazo_robotico.c
               _00136_DS_   0x000438    program     static brazo_robotico.c
               _00147_DS_   0x00025c    program     static brazo_robotico.c
               _00148_DS_   0x0002a6    program     static brazo_robotico.c
               _00149_DS_   0x0002d8    program     static brazo_robotico.c
               _00150_DS_   0x000302    program     static brazo_robotico.c
               _00151_DS_   0x00032c    program     static brazo_robotico.c
               _00152_DS_   0x000356    program     static brazo_robotico.c
               _00153_DS_   0x000380    program     static brazo_robotico.c
               _00154_DS_   0x000396    program     static brazo_robotico.c
               _00163_DS_   0x000232    program     static brazo_robotico.c
               _00164_DS_   0x00026a    program     static brazo_robotico.c
               _00165_DS_   0x00028e    program     static brazo_robotico.c
               _00176_DS_   0x000722    program     static brazo_robotico.c
               _00177_DS_   0x000772    program     static brazo_robotico.c
               _00183_DS_   0x00071c    program     static brazo_robotico.c
               _00184_DS_   0x00071e    program     static brazo_robotico.c
               _00194_DS_   0x000536    program     static brazo_robotico.c
               _00215_DS_   0x000054    program     static brazo_robotico.c
               _00219_DS_   0x000082    program     static brazo_robotico.c
               _00223_DS_   0x0000b2    program     static brazo_robotico.c
               _00227_DS_   0x0000e0    program     static brazo_robotico.c
               _00231_DS_   0x000110    program     static brazo_robotico.c
               _00235_DS_   0x00013e    program     static brazo_robotico.c
               _00239_DS_   0x00016e    program     static brazo_robotico.c
               _00243_DS_   0x00019c    program     static brazo_robotico.c
               _00247_DS_   0x0001cc    program     static brazo_robotico.c
               _00252_DS_   0x0001fa    program     static brazo_robotico.c
               _00316_DS_   0x000040    program     static brazo_robotico.c
               _00319_DS_   0x000070    program     static brazo_robotico.c
               _00322_DS_   0x00009e    program     static brazo_robotico.c
               _00325_DS_   0x0000ce    program     static brazo_robotico.c
               _00328_DS_   0x0000fc    program     static brazo_robotico.c
               _00331_DS_   0x00012c    program     static brazo_robotico.c
               _00334_DS_   0x00015a    program     static brazo_robotico.c
               _00337_DS_   0x00018a    program     static brazo_robotico.c
               _00340_DS_   0x0001b8    program     static brazo_robotico.c
               _00343_DS_   0x0001e8    program     static brazo_robotico.c
               _00349_DS_   0x0009a0    program     static brazo_robotico.c
              _100357_DS_   0x00037e    program     static brazo_robotico.c
               _10348_DS_   0x0008e0    program     static brazo_robotico.c
               _20349_DS_   0x00086c    program     static brazo_robotico.c
               _30350_DS_   0x00076a    program     static brazo_robotico.c
               _40351_DS_   0x0007e4    program     static brazo_robotico.c
               _50352_DS_   0x000222    program     static brazo_robotico.c
               _60353_DS_   0x0002d6    program     static brazo_robotico.c
               _70354_DS_   0x000300    program     static brazo_robotico.c
               _80355_DS_   0x00032a    program     static brazo_robotico.c
               _90356_DS_   0x000354    program     static brazo_robotico.c
                  _ADCON0   0x000fc2       data     extern libdev18f4550_a-pic18f4550.asm
              _ADCON0bits   0x000fc2       data     extern libdev18f4550_a-pic18f4550.asm
                  _ADCON1   0x000fc1       data     extern libdev18f4550_a-pic18f4550.asm
              _ADCON1bits   0x000fc1       data     extern libdev18f4550_a-pic18f4550.asm
                  _ADCON2   0x000fc0       data     extern libdev18f4550_a-pic18f4550.asm
              _ADCON2bits   0x000fc0       data     extern libdev18f4550_a-pic18f4550.asm
                   _ADRES   0x000fc3       data     extern libdev18f4550_a-pic18f4550.asm
                  _ADRESH   0x000fc4       data     extern libdev18f4550_a-pic18f4550.asm
                  _ADRESL   0x000fc3       data     extern libdev18f4550_a-pic18f4550.asm
                 _BAUDCON   0x000fb8       data     extern libdev18f4550_a-pic18f4550.asm
             _BAUDCONbits   0x000fb8       data     extern libdev18f4550_a-pic18f4550.asm
                 _BAUDCTL   0x000fb8       data     extern libdev18f4550_a-pic18f4550.asm
             _BAUDCTLbits   0x000fb8       data     extern libdev18f4550_a-pic18f4550.asm
                     _BSR   0x000fe0       data     extern libdev18f4550_a-pic18f4550.asm
                  _CCP1AS   0x000fb6       data     extern libdev18f4550_a-pic18f4550.asm
              _CCP1ASbits   0x000fb6       data     extern libdev18f4550_a-pic18f4550.asm
                 _CCP1CON   0x000fbd       data     extern libdev18f4550_a-pic18f4550.asm
             _CCP1CONbits   0x000fbd       data     extern libdev18f4550_a-pic18f4550.asm
                 _CCP1DEL   0x000fb7       data     extern libdev18f4550_a-pic18f4550.asm
             _CCP1DELbits   0x000fb7       data     extern libdev18f4550_a-pic18f4550.asm
                 _CCP2CON   0x000fba       data     extern libdev18f4550_a-pic18f4550.asm
             _CCP2CONbits   0x000fba       data     extern libdev18f4550_a-pic18f4550.asm
                   _CCPR1   0x000fbe       data     extern libdev18f4550_a-pic18f4550.asm
                  _CCPR1H   0x000fbf       data     extern libdev18f4550_a-pic18f4550.asm
                  _CCPR1L   0x000fbe       data     extern libdev18f4550_a-pic18f4550.asm
                   _CCPR2   0x000fbb       data     extern libdev18f4550_a-pic18f4550.asm
                  _CCPR2H   0x000fbc       data     extern libdev18f4550_a-pic18f4550.asm
                  _CCPR2L   0x000fbb       data     extern libdev18f4550_a-pic18f4550.asm
                   _CMCON   0x000fb4       data     extern libdev18f4550_a-pic18f4550.asm
               _CMCONbits   0x000fb4       data     extern libdev18f4550_a-pic18f4550.asm
                  _CVRCON   0x000fb5       data     extern libdev18f4550_a-pic18f4550.asm
              _CVRCONbits   0x000fb5       data     extern libdev18f4550_a-pic18f4550.asm
                    _DDRA   0x000f92       data     extern libdev18f4550_a-pic18f4550.asm
                _DDRAbits   0x000f92       data     extern libdev18f4550_a-pic18f4550.asm
                    _DDRB   0x000f93       data     extern libdev18f4550_a-pic18f4550.asm
                _DDRBbits   0x000f93       data     extern libdev18f4550_a-pic18f4550.asm
                    _DDRC   0x000f94       data     extern libdev18f4550_a-pic18f4550.asm
                _DDRCbits   0x000f94       data     extern libdev18f4550_a-pic18f4550.asm
                    _DDRD   0x000f95       data     extern libdev18f4550_a-pic18f4550.asm
                _DDRDbits   0x000f95       data     extern libdev18f4550_a-pic18f4550.asm
                    _DDRE   0x000f96       data     extern libdev18f4550_a-pic18f4550.asm
                _DDREbits   0x000f96       data     extern libdev18f4550_a-pic18f4550.asm
                 _ECCP1AS   0x000fb6       data     extern libdev18f4550_a-pic18f4550.asm
             _ECCP1ASbits   0x000fb6       data     extern libdev18f4550_a-pic18f4550.asm
                _ECCP1CON   0x000fbd       data     extern libdev18f4550_a-pic18f4550.asm
            _ECCP1CONbits   0x000fbd       data     extern libdev18f4550_a-pic18f4550.asm
                _ECCP1DEL   0x000fb7       data     extern libdev18f4550_a-pic18f4550.asm
            _ECCP1DELbits   0x000fb7       data     extern libdev18f4550_a-pic18f4550.asm
                   _EEADR   0x000fa9       data     extern libdev18f4550_a-pic18f4550.asm
                  _EECON1   0x000fa6       data     extern libdev18f4550_a-pic18f4550.asm
              _EECON1bits   0x000fa6       data     extern libdev18f4550_a-pic18f4550.asm
                  _EECON2   0x000fa7       data     extern libdev18f4550_a-pic18f4550.asm
                  _EEDATA   0x000fa8       data     extern libdev18f4550_a-pic18f4550.asm
                   _FSR0H   0x000fea       data     extern libdev18f4550_a-pic18f4550.asm
                   _FSR0L   0x000fe9       data     extern libdev18f4550_a-pic18f4550.asm
                   _FSR1H   0x000fe2       data     extern libdev18f4550_a-pic18f4550.asm
                   _FSR1L   0x000fe1       data     extern libdev18f4550_a-pic18f4550.asm
                   _FSR2H   0x000fda       data     extern libdev18f4550_a-pic18f4550.asm
                   _FSR2L   0x000fd9       data     extern libdev18f4550_a-pic18f4550.asm
                 _HLVDCON   0x000fd2       data     extern libdev18f4550_a-pic18f4550.asm
             _HLVDCONbits   0x000fd2       data     extern libdev18f4550_a-pic18f4550.asm
                   _INDF0   0x000fef       data     extern libdev18f4550_a-pic18f4550.asm
                   _INDF1   0x000fe7       data     extern libdev18f4550_a-pic18f4550.asm
                   _INDF2   0x000fdf       data     extern libdev18f4550_a-pic18f4550.asm
                  _INTCON   0x000ff2       data     extern libdev18f4550_a-pic18f4550.asm
                 _INTCON2   0x000ff1       data     extern libdev18f4550_a-pic18f4550.asm
             _INTCON2bits   0x000ff1       data     extern libdev18f4550_a-pic18f4550.asm
                 _INTCON3   0x000ff0       data     extern libdev18f4550_a-pic18f4550.asm
             _INTCON3bits   0x000ff0       data     extern libdev18f4550_a-pic18f4550.asm
              _INTCONbits   0x000ff2       data     extern libdev18f4550_a-pic18f4550.asm
                    _IPR1   0x000f9f       data     extern libdev18f4550_a-pic18f4550.asm
                _IPR1bits   0x000f9f       data     extern libdev18f4550_a-pic18f4550.asm
                    _IPR2   0x000fa2       data     extern libdev18f4550_a-pic18f4550.asm
                _IPR2bits   0x000fa2       data     extern libdev18f4550_a-pic18f4550.asm
                    _LATA   0x000f89       data     extern libdev18f4550_a-pic18f4550.asm
                _LATAbits   0x000f89       data     extern libdev18f4550_a-pic18f4550.asm
                    _LATB   0x000f8a       data     extern libdev18f4550_a-pic18f4550.asm
                _LATBbits   0x000f8a       data     extern libdev18f4550_a-pic18f4550.asm
                    _LATC   0x000f8b       data     extern libdev18f4550_a-pic18f4550.asm
                _LATCbits   0x000f8b       data     extern libdev18f4550_a-pic18f4550.asm
                    _LATD   0x000f8c       data     extern libdev18f4550_a-pic18f4550.asm
                _LATDbits   0x000f8c       data     extern libdev18f4550_a-pic18f4550.asm
                    _LATE   0x000f8d       data     extern libdev18f4550_a-pic18f4550.asm
                _LATEbits   0x000f8d       data     extern libdev18f4550_a-pic18f4550.asm
                  _LVDCON   0x000fd2       data     extern libdev18f4550_a-pic18f4550.asm
              _LVDCONbits   0x000fd2       data     extern libdev18f4550_a-pic18f4550.asm
                  _OSCCON   0x000fd3       data     extern libdev18f4550_a-pic18f4550.asm
              _OSCCONbits   0x000fd3       data     extern libdev18f4550_a-pic18f4550.asm
                 _OSCTUNE   0x000f9b       data     extern libdev18f4550_a-pic18f4550.asm
             _OSCTUNEbits   0x000f9b       data     extern libdev18f4550_a-pic18f4550.asm
                      _PC   0x000ff9       data     extern libdev18f4550_a-pic18f4550.asm
                     _PCL   0x000ff9       data     extern libdev18f4550_a-pic18f4550.asm
                  _PCLATH   0x000ffa       data     extern libdev18f4550_a-pic18f4550.asm
                  _PCLATU   0x000ffb       data     extern libdev18f4550_a-pic18f4550.asm
                    _PIE1   0x000f9d       data     extern libdev18f4550_a-pic18f4550.asm
                _PIE1bits   0x000f9d       data     extern libdev18f4550_a-pic18f4550.asm
                    _PIE2   0x000fa0       data     extern libdev18f4550_a-pic18f4550.asm
                _PIE2bits   0x000fa0       data     extern libdev18f4550_a-pic18f4550.asm
                    _PIR1   0x000f9e       data     extern libdev18f4550_a-pic18f4550.asm
                _PIR1bits   0x000f9e       data     extern libdev18f4550_a-pic18f4550.asm
                    _PIR2   0x000fa1       data     extern libdev18f4550_a-pic18f4550.asm
                _PIR2bits   0x000fa1       data     extern libdev18f4550_a-pic18f4550.asm
                  _PLUSW0   0x000feb       data     extern libdev18f4550_a-pic18f4550.asm
                  _PLUSW1   0x000fe3       data     extern libdev18f4550_a-pic18f4550.asm
                  _PLUSW2   0x000fdb       data     extern libdev18f4550_a-pic18f4550.asm
                   _PORTA   0x000f80       data     extern libdev18f4550_a-pic18f4550.asm
               _PORTAbits   0x000f80       data     extern libdev18f4550_a-pic18f4550.asm
                   _PORTB   0x000f81       data     extern libdev18f4550_a-pic18f4550.asm
               _PORTBbits   0x000f81       data     extern libdev18f4550_a-pic18f4550.asm
                   _PORTC   0x000f82       data     extern libdev18f4550_a-pic18f4550.asm
               _PORTCbits   0x000f82       data     extern libdev18f4550_a-pic18f4550.asm
                   _PORTD   0x000f83       data     extern libdev18f4550_a-pic18f4550.asm
               _PORTDbits   0x000f83       data     extern libdev18f4550_a-pic18f4550.asm
                   _PORTE   0x000f84       data     extern libdev18f4550_a-pic18f4550.asm
               _PORTEbits   0x000f84       data     extern libdev18f4550_a-pic18f4550.asm
                _POSTDEC0   0x000fed       data     extern libdev18f4550_a-pic18f4550.asm
                _POSTDEC1   0x000fe5       data     extern libdev18f4550_a-pic18f4550.asm
                _POSTDEC2   0x000fdd       data     extern libdev18f4550_a-pic18f4550.asm
                _POSTINC0   0x000fee       data     extern libdev18f4550_a-pic18f4550.asm
                _POSTINC1   0x000fe6       data     extern libdev18f4550_a-pic18f4550.asm
                _POSTINC2   0x000fde       data     extern libdev18f4550_a-pic18f4550.asm
                     _PR2   0x000fcb       data     extern libdev18f4550_a-pic18f4550.asm
                 _PREINC0   0x000fec       data     extern libdev18f4550_a-pic18f4550.asm
                 _PREINC1   0x000fe4       data     extern libdev18f4550_a-pic18f4550.asm
                 _PREINC2   0x000fdc       data     extern libdev18f4550_a-pic18f4550.asm
                    _PROD   0x000ff3       data     extern libdev18f4550_a-pic18f4550.asm
                   _PRODH   0x000ff4       data     extern libdev18f4550_a-pic18f4550.asm
                   _PRODL   0x000ff3       data     extern libdev18f4550_a-pic18f4550.asm
                    _RCON   0x000fd0       data     extern libdev18f4550_a-pic18f4550.asm
                _RCONbits   0x000fd0       data     extern libdev18f4550_a-pic18f4550.asm
                   _RCREG   0x000fae       data     extern libdev18f4550_a-pic18f4550.asm
                   _RCSTA   0x000fab       data     extern libdev18f4550_a-pic18f4550.asm
               _RCSTAbits   0x000fab       data     extern libdev18f4550_a-pic18f4550.asm
                   _SPBRG   0x000faf       data     extern libdev18f4550_a-pic18f4550.asm
                  _SPBRGH   0x000fb0       data     extern libdev18f4550_a-pic18f4550.asm
                  _SPPCFG   0x000f63       data     extern libdev18f4550_a-pic18f4550.asm
              _SPPCFGbits   0x000f63       data     extern libdev18f4550_a-pic18f4550.asm
                  _SPPCON   0x000f65       data     extern libdev18f4550_a-pic18f4550.asm
              _SPPCONbits   0x000f65       data     extern libdev18f4550_a-pic18f4550.asm
                 _SPPDATA   0x000f62       data     extern libdev18f4550_a-pic18f4550.asm
                  _SPPEPS   0x000f64       data     extern libdev18f4550_a-pic18f4550.asm
              _SPPEPSbits   0x000f64       data     extern libdev18f4550_a-pic18f4550.asm
                  _SSPADD   0x000fc8       data     extern libdev18f4550_a-pic18f4550.asm
                  _SSPBUF   0x000fc9       data     extern libdev18f4550_a-pic18f4550.asm
                 _SSPCON1   0x000fc6       data     extern libdev18f4550_a-pic18f4550.asm
             _SSPCON1bits   0x000fc6       data     extern libdev18f4550_a-pic18f4550.asm
                 _SSPCON2   0x000fc5       data     extern libdev18f4550_a-pic18f4550.asm
             _SSPCON2bits   0x000fc5       data     extern libdev18f4550_a-pic18f4550.asm
                 _SSPSTAT   0x000fc7       data     extern libdev18f4550_a-pic18f4550.asm
             _SSPSTATbits   0x000fc7       data     extern libdev18f4550_a-pic18f4550.asm
                  _STATUS   0x000fd8       data     extern libdev18f4550_a-pic18f4550.asm
              _STATUSbits   0x000fd8       data     extern libdev18f4550_a-pic18f4550.asm
                  _STKPTR   0x000ffc       data     extern libdev18f4550_a-pic18f4550.asm
              _STKPTRbits   0x000ffc       data     extern libdev18f4550_a-pic18f4550.asm
                   _T0CON   0x000fd5       data     extern libdev18f4550_a-pic18f4550.asm
               _T0CONbits   0x000fd5       data     extern libdev18f4550_a-pic18f4550.asm
                   _T1CON   0x000fcd       data     extern libdev18f4550_a-pic18f4550.asm
               _T1CONbits   0x000fcd       data     extern libdev18f4550_a-pic18f4550.asm
                   _T2CON   0x000fca       data     extern libdev18f4550_a-pic18f4550.asm
               _T2CONbits   0x000fca       data     extern libdev18f4550_a-pic18f4550.asm
                   _T3CON   0x000fb1       data     extern libdev18f4550_a-pic18f4550.asm
               _T3CONbits   0x000fb1       data     extern libdev18f4550_a-pic18f4550.asm
                  _TABLAT   0x000ff5       data     extern libdev18f4550_a-pic18f4550.asm
                  _TBLPTR   0x000ff6       data     extern libdev18f4550_a-pic18f4550.asm
                 _TBLPTRH   0x000ff7       data     extern libdev18f4550_a-pic18f4550.asm
                 _TBLPTRL   0x000ff6       data     extern libdev18f4550_a-pic18f4550.asm
                 _TBLPTRU   0x000ff8       data     extern libdev18f4550_a-pic18f4550.asm
                    _TMR0   0x000fd6       data     extern libdev18f4550_a-pic18f4550.asm
                   _TMR0H   0x000fd7       data     extern libdev18f4550_a-pic18f4550.asm
                   _TMR0L   0x000fd6       data     extern libdev18f4550_a-pic18f4550.asm
                    _TMR1   0x000fce       data     extern libdev18f4550_a-pic18f4550.asm
                   _TMR1H   0x000fcf       data     extern libdev18f4550_a-pic18f4550.asm
                   _TMR1L   0x000fce       data     extern libdev18f4550_a-pic18f4550.asm
                    _TMR2   0x000fcc       data     extern libdev18f4550_a-pic18f4550.asm
                    _TMR3   0x000fb2       data     extern libdev18f4550_a-pic18f4550.asm
                   _TMR3H   0x000fb3       data     extern libdev18f4550_a-pic18f4550.asm
                   _TMR3L   0x000fb2       data     extern libdev18f4550_a-pic18f4550.asm
                     _TOS   0x000ffd       data     extern libdev18f4550_a-pic18f4550.asm
                    _TOSH   0x000ffe       data     extern libdev18f4550_a-pic18f4550.asm
                    _TOSL   0x000ffd       data     extern libdev18f4550_a-pic18f4550.asm
                    _TOSU   0x000fff       data     extern libdev18f4550_a-pic18f4550.asm
                   _TRISA   0x000f92       data     extern libdev18f4550_a-pic18f4550.asm
               _TRISAbits   0x000f92       data     extern libdev18f4550_a-pic18f4550.asm
                   _TRISB   0x000f93       data     extern libdev18f4550_a-pic18f4550.asm
               _TRISBbits   0x000f93       data     extern libdev18f4550_a-pic18f4550.asm
                   _TRISC   0x000f94       data     extern libdev18f4550_a-pic18f4550.asm
               _TRISCbits   0x000f94       data     extern libdev18f4550_a-pic18f4550.asm
                   _TRISD   0x000f95       data     extern libdev18f4550_a-pic18f4550.asm
               _TRISDbits   0x000f95       data     extern libdev18f4550_a-pic18f4550.asm
                   _TRISE   0x000f96       data     extern libdev18f4550_a-pic18f4550.asm
               _TRISEbits   0x000f96       data     extern libdev18f4550_a-pic18f4550.asm
                   _TXREG   0x000fad       data     extern libdev18f4550_a-pic18f4550.asm
                   _TXSTA   0x000fac       data     extern libdev18f4550_a-pic18f4550.asm
               _TXSTAbits   0x000fac       data     extern libdev18f4550_a-pic18f4550.asm
                   _UADDR   0x000f6e       data     extern libdev18f4550_a-pic18f4550.asm
               _UADDRbits   0x000f6e       data     extern libdev18f4550_a-pic18f4550.asm
                    _UCFG   0x000f6f       data     extern libdev18f4550_a-pic18f4550.asm
                _UCFGbits   0x000f6f       data     extern libdev18f4550_a-pic18f4550.asm
                    _UCON   0x000f6d       data     extern libdev18f4550_a-pic18f4550.asm
                _UCONbits   0x000f6d       data     extern libdev18f4550_a-pic18f4550.asm
                    _UEIE   0x000f6b       data     extern libdev18f4550_a-pic18f4550.asm
                _UEIEbits   0x000f6b       data     extern libdev18f4550_a-pic18f4550.asm
                    _UEIR   0x000f6a       data     extern libdev18f4550_a-pic18f4550.asm
                _UEIRbits   0x000f6a       data     extern libdev18f4550_a-pic18f4550.asm
                    _UEP0   0x000f70       data     extern libdev18f4550_a-pic18f4550.asm
                _UEP0bits   0x000f70       data     extern libdev18f4550_a-pic18f4550.asm
                    _UEP1   0x000f71       data     extern libdev18f4550_a-pic18f4550.asm
                   _UEP10   0x000f7a       data     extern libdev18f4550_a-pic18f4550.asm
               _UEP10bits   0x000f7a       data     extern libdev18f4550_a-pic18f4550.asm
                   _UEP11   0x000f7b       data     extern libdev18f4550_a-pic18f4550.asm
               _UEP11bits   0x000f7b       data     extern libdev18f4550_a-pic18f4550.asm
                   _UEP12   0x000f7c       data     extern libdev18f4550_a-pic18f4550.asm
               _UEP12bits   0x000f7c       data     extern libdev18f4550_a-pic18f4550.asm
                   _UEP13   0x000f7d       data     extern libdev18f4550_a-pic18f4550.asm
               _UEP13bits   0x000f7d       data     extern libdev18f4550_a-pic18f4550.asm
                   _UEP14   0x000f7e       data     extern libdev18f4550_a-pic18f4550.asm
               _UEP14bits   0x000f7e       data     extern libdev18f4550_a-pic18f4550.asm
                   _UEP15   0x000f7f       data     extern libdev18f4550_a-pic18f4550.asm
               _UEP15bits   0x000f7f       data     extern libdev18f4550_a-pic18f4550.asm
                _UEP1bits   0x000f71       data     extern libdev18f4550_a-pic18f4550.asm
                    _UEP2   0x000f72       data     extern libdev18f4550_a-pic18f4550.asm
                _UEP2bits   0x000f72       data     extern libdev18f4550_a-pic18f4550.asm
                    _UEP3   0x000f73       data     extern libdev18f4550_a-pic18f4550.asm
                _UEP3bits   0x000f73       data     extern libdev18f4550_a-pic18f4550.asm
                    _UEP4   0x000f74       data     extern libdev18f4550_a-pic18f4550.asm
                _UEP4bits   0x000f74       data     extern libdev18f4550_a-pic18f4550.asm
                    _UEP5   0x000f75       data     extern libdev18f4550_a-pic18f4550.asm
                _UEP5bits   0x000f75       data     extern libdev18f4550_a-pic18f4550.asm
                    _UEP6   0x000f76       data     extern libdev18f4550_a-pic18f4550.asm
                _UEP6bits   0x000f76       data     extern libdev18f4550_a-pic18f4550.asm
                    _UEP7   0x000f77       data     extern libdev18f4550_a-pic18f4550.asm
                _UEP7bits   0x000f77       data     extern libdev18f4550_a-pic18f4550.asm
                    _UEP8   0x000f78       data     extern libdev18f4550_a-pic18f4550.asm
                _UEP8bits   0x000f78       data     extern libdev18f4550_a-pic18f4550.asm
                    _UEP9   0x000f79       data     extern libdev18f4550_a-pic18f4550.asm
                _UEP9bits   0x000f79       data     extern libdev18f4550_a-pic18f4550.asm
                    _UFRM   0x000f66       data     extern libdev18f4550_a-pic18f4550.asm
                   _UFRMH   0x000f67       data     extern libdev18f4550_a-pic18f4550.asm
               _UFRMHbits   0x000f67       data     extern libdev18f4550_a-pic18f4550.asm
                   _UFRML   0x000f66       data     extern libdev18f4550_a-pic18f4550.asm
               _UFRMLbits   0x000f66       data     extern libdev18f4550_a-pic18f4550.asm
                     _UIE   0x000f69       data     extern libdev18f4550_a-pic18f4550.asm
                 _UIEbits   0x000f69       data     extern libdev18f4550_a-pic18f4550.asm
                     _UIR   0x000f68       data     extern libdev18f4550_a-pic18f4550.asm
                 _UIRbits   0x000f68       data     extern libdev18f4550_a-pic18f4550.asm
                   _USTAT   0x000f6c       data     extern libdev18f4550_a-pic18f4550.asm
               _USTATbits   0x000f6c       data     extern libdev18f4550_a-pic18f4550.asm
                  _WDTCON   0x000fd1       data     extern libdev18f4550_a-pic18f4550.asm
              _WDTCONbits   0x000fd1       data     extern libdev18f4550_a-pic18f4550.asm
                    _WREG   0x000fe8       data     extern libdev18f4550_a-pic18f4550.asm
      ___eeprom8_gptrget1   0x000a26    program     extern eeprom8_gptrget1.asm
       ___eeprom_gptrget1   0x000004    program     extern /home/sdcc-builder/build/sdcc-build/orig/sdcc/device/non-free/lib/pic16/libdev/gptr/eeprom8_gptrget1_dispatch.S
                ___uflags   0x00007a       data     extern crt0i.asm
                  __entry   0x000000    program     extern crt0i.asm
               __gptrget1   0x0009e8    program     extern gptrget1.asm
                 __mulint   0x0005ba    program     extern mulint.asm
           __mulint_t_1_2   0x00007f       data     static mulint.asm
           __mulint_x_1_2   0x00007b       data     static mulint.asm
           __mulint_y_1_2   0x00007d       data     static mulint.asm
                   __putc   0x000808    program     extern brazo_robotico.c
                __startup   0x00065a    program     extern crt0i.asm
                      _ch   0x000081       data     extern brazo_robotico.c
                   _cinit   0x000a3e    program     extern brazo_robotico.c
               _elapsedTm   0x00006e       data     extern brazo_robotico.c
                   _getCh   0x00088c    program     extern brazo_robotico.c
                 _highIsr   0x0008f8    program     extern brazo_robotico.c
                 _lab_01_   0x0009f4    program     static gptrget1.asm
             _led0counter   0x000070       data     extern brazo_robotico.c
                    _main   0x000962    program     extern brazo_robotico.c
                   _mover   0x00000c    program     extern brazo_robotico.c
                    _puts   0x0004f8    program     extern brazo_robotico.c
                   _rxBuf   0x000700       data     extern brazo_robotico.c
                   _rxIsr   0x000782    program     extern brazo_robotico.c
                  _rxNext   0x000076       data     extern brazo_robotico.c
                  _rxRead   0x000078       data     extern brazo_robotico.c
             _servoActive   0x000060       data     extern brazo_robotico.c
           _servoPosition   0x000062       data     extern brazo_robotico.c
            _setElapsedTm   0x0009c6    program     extern brazo_robotico.c
        _setServoPosition   0x0003ca    program     extern brazo_robotico.c
               _setupUART   0x0009a4    program     extern brazo_robotico.c
                   _stack   0x000200       data     extern /home/sdcc-builder/build/sdcc-build/orig/sdcc/device/lib/pic16/libsdcc/stack/stack.S
               _stack_end   0x0002ff       data     extern /home/sdcc-builder/build/sdcc-build/orig/sdcc/device/lib/pic16/libsdcc/stack/stack.S
                 _tmr0Ini   0x00006c       data     extern brazo_robotico.c
                 _tmr0Isr   0x000208    program     extern brazo_robotico.c
                   _txBuf   0x000100       data     extern brazo_robotico.c
                   _txIsr   0x0006f8    program     extern brazo_robotico.c
                  _txNext   0x000072       data     extern brazo_robotico.c
                  _txSend   0x000074       data     extern brazo_robotico.c
                copy_loop   0x0006d0    program     static crt0i.asm
            copy_loop_dec   0x0006d6    program     static crt0i.asm
               entry_loop   0x000682    program     static crt0i.asm
           entry_loop_dec   0x0006ea    program     static crt0i.asm
         ivec_0x1_highIsr   0x000008    program     static brazo_robotico.c
                   lockup   0x0006f6    program     static crt0i.asm
                    r0x00   0x000000       data     static brazo_robotico.c
                    r0x00   0x000000       data     static mulint.asm
                    r0x01   0x000001       data     static brazo_robotico.c
                    r0x01   0x000001       data     static mulint.asm
                    r0x02   0x000002       data     static brazo_robotico.c
                    r0x02   0x000002       data     static mulint.asm
                    r0x03   0x000003       data     static brazo_robotico.c
                    r0x03   0x000003       data     static mulint.asm
                    r0x04   0x000004       data     static brazo_robotico.c
                    r0x05   0x000005       data     static brazo_robotico.c
                    r0x06   0x000006       data     static brazo_robotico.c
                    r0x07   0x000007       data     static brazo_robotico.c



                              Symbols - Sorted by Address
                     Name    Address   Location    Storage File
                ---------  ---------  ---------  --------- ---------
                  __entry   0x000000    program     extern crt0i.asm
                    r0x00   0x000000       data     static brazo_robotico.c
                    r0x00   0x000000       data     static mulint.asm
                    r0x01   0x000001       data     static brazo_robotico.c
                    r0x01   0x000001       data     static mulint.asm
                    r0x02   0x000002       data     static brazo_robotico.c
                    r0x02   0x000002       data     static mulint.asm
                    r0x03   0x000003       data     static brazo_robotico.c
                    r0x03   0x000003       data     static mulint.asm
       ___eeprom_gptrget1   0x000004    program     extern /home/sdcc-builder/build/sdcc-build/orig/sdcc/device/non-free/lib/pic16/libdev/gptr/eeprom8_gptrget1_dispatch.S
                    r0x04   0x000004       data     static brazo_robotico.c
                    r0x05   0x000005       data     static brazo_robotico.c
                    r0x06   0x000006       data     static brazo_robotico.c
                    r0x07   0x000007       data     static brazo_robotico.c
         ivec_0x1_highIsr   0x000008    program     static brazo_robotico.c
                   _mover   0x00000c    program     extern brazo_robotico.c
               _00316_DS_   0x000040    program     static brazo_robotico.c
               _00215_DS_   0x000054    program     static brazo_robotico.c
             _servoActive   0x000060       data     extern brazo_robotico.c
           _servoPosition   0x000062       data     extern brazo_robotico.c
                 _tmr0Ini   0x00006c       data     extern brazo_robotico.c
               _elapsedTm   0x00006e       data     extern brazo_robotico.c
               _00319_DS_   0x000070    program     static brazo_robotico.c
             _led0counter   0x000070       data     extern brazo_robotico.c
                  _txNext   0x000072       data     extern brazo_robotico.c
                  _txSend   0x000074       data     extern brazo_robotico.c
                  _rxNext   0x000076       data     extern brazo_robotico.c
                  _rxRead   0x000078       data     extern brazo_robotico.c
                ___uflags   0x00007a       data     extern crt0i.asm
           __mulint_x_1_2   0x00007b       data     static mulint.asm
           __mulint_y_1_2   0x00007d       data     static mulint.asm
           __mulint_t_1_2   0x00007f       data     static mulint.asm
                      _ch   0x000081       data     extern brazo_robotico.c
               _00219_DS_   0x000082    program     static brazo_robotico.c
               _00322_DS_   0x00009e    program     static brazo_robotico.c
               _00223_DS_   0x0000b2    program     static brazo_robotico.c
               _00325_DS_   0x0000ce    program     static brazo_robotico.c
               _00227_DS_   0x0000e0    program     static brazo_robotico.c
               _00328_DS_   0x0000fc    program     static brazo_robotico.c
                   _txBuf   0x000100       data     extern brazo_robotico.c
               _00231_DS_   0x000110    program     static brazo_robotico.c
               _00331_DS_   0x00012c    program     static brazo_robotico.c
               _00235_DS_   0x00013e    program     static brazo_robotico.c
               _00334_DS_   0x00015a    program     static brazo_robotico.c
               _00239_DS_   0x00016e    program     static brazo_robotico.c
               _00337_DS_   0x00018a    program     static brazo_robotico.c
               _00243_DS_   0x00019c    program     static brazo_robotico.c
               _00340_DS_   0x0001b8    program     static brazo_robotico.c
               _00247_DS_   0x0001cc    program     static brazo_robotico.c
               _00343_DS_   0x0001e8    program     static brazo_robotico.c
               _00252_DS_   0x0001fa    program     static brazo_robotico.c
                   _stack   0x000200       data     extern /home/sdcc-builder/build/sdcc-build/orig/sdcc/device/lib/pic16/libsdcc/stack/stack.S
                 _tmr0Isr   0x000208    program     extern brazo_robotico.c
               _50352_DS_   0x000222    program     static brazo_robotico.c
               _00163_DS_   0x000232    program     static brazo_robotico.c
               _00147_DS_   0x00025c    program     static brazo_robotico.c
               _00164_DS_   0x00026a    program     static brazo_robotico.c
               _00165_DS_   0x00028e    program     static brazo_robotico.c
               _00148_DS_   0x0002a6    program     static brazo_robotico.c
               _60353_DS_   0x0002d6    program     static brazo_robotico.c
               _00149_DS_   0x0002d8    program     static brazo_robotico.c
               _stack_end   0x0002ff       data     extern /home/sdcc-builder/build/sdcc-build/orig/sdcc/device/lib/pic16/libsdcc/stack/stack.S
               _70354_DS_   0x000300    program     static brazo_robotico.c
               _00150_DS_   0x000302    program     static brazo_robotico.c
               _80355_DS_   0x00032a    program     static brazo_robotico.c
               _00151_DS_   0x00032c    program     static brazo_robotico.c
               _90356_DS_   0x000354    program     static brazo_robotico.c
               _00152_DS_   0x000356    program     static brazo_robotico.c
              _100357_DS_   0x00037e    program     static brazo_robotico.c
               _00153_DS_   0x000380    program     static brazo_robotico.c
               _00154_DS_   0x000396    program     static brazo_robotico.c
        _setServoPosition   0x0003ca    program     extern brazo_robotico.c
               _00134_DS_   0x000402    program     static brazo_robotico.c
               _00135_DS_   0x000412    program     static brazo_robotico.c
               _00136_DS_   0x000438    program     static brazo_robotico.c
               _00116_DS_   0x00045c    program     static brazo_robotico.c
               _00117_DS_   0x000466    program     static brazo_robotico.c
               _00118_DS_   0x000470    program     static brazo_robotico.c
               _00119_DS_   0x00047a    program     static brazo_robotico.c
               _00120_DS_   0x000484    program     static brazo_robotico.c
               _00121_DS_   0x00048e    program     static brazo_robotico.c
               _00122_DS_   0x000498    program     static brazo_robotico.c
               _00123_DS_   0x0004a2    program     static brazo_robotico.c
               _00124_DS_   0x0004ac    program     static brazo_robotico.c
               _00125_DS_   0x0004b4    program     static brazo_robotico.c
                    _puts   0x0004f8    program     extern brazo_robotico.c
               _00194_DS_   0x000536    program     static brazo_robotico.c
                 __mulint   0x0005ba    program     extern mulint.asm
                __startup   0x00065a    program     extern crt0i.asm
               entry_loop   0x000682    program     static crt0i.asm
                copy_loop   0x0006d0    program     static crt0i.asm
            copy_loop_dec   0x0006d6    program     static crt0i.asm
           entry_loop_dec   0x0006ea    program     static crt0i.asm
                   lockup   0x0006f6    program     static crt0i.asm
                   _txIsr   0x0006f8    program     extern brazo_robotico.c
                   _rxBuf   0x000700       data     extern brazo_robotico.c
               _00183_DS_   0x00071c    program     static brazo_robotico.c
               _00184_DS_   0x00071e    program     static brazo_robotico.c
               _00176_DS_   0x000722    program     static brazo_robotico.c
               _30350_DS_   0x00076a    program     static brazo_robotico.c
               _00177_DS_   0x000772    program     static brazo_robotico.c
                   _rxIsr   0x000782    program     extern brazo_robotico.c
               _40351_DS_   0x0007e4    program     static brazo_robotico.c
                   __putc   0x000808    program     extern brazo_robotico.c
               _20349_DS_   0x00086c    program     static brazo_robotico.c
                   _getCh   0x00088c    program     extern brazo_robotico.c
               _10348_DS_   0x0008e0    program     static brazo_robotico.c
                 _highIsr   0x0008f8    program     extern brazo_robotico.c
               _00106_DS_   0x00092a    program     static brazo_robotico.c
               _00108_DS_   0x000932    program     static brazo_robotico.c
               _00111_DS_   0x00093a    program     static brazo_robotico.c
                    _main   0x000962    program     extern brazo_robotico.c
               _00349_DS_   0x0009a0    program     static brazo_robotico.c
               _setupUART   0x0009a4    program     extern brazo_robotico.c
            _setElapsedTm   0x0009c6    program     extern brazo_robotico.c
               __gptrget1   0x0009e8    program     extern gptrget1.asm
                 _lab_01_   0x0009f4    program     static gptrget1.asm
      ___eeprom8_gptrget1   0x000a26    program     extern eeprom8_gptrget1.asm
                   _cinit   0x000a3e    program     extern brazo_robotico.c
                 _SPPDATA   0x000f62       data     extern libdev18f4550_a-pic18f4550.asm
                  _SPPCFG   0x000f63       data     extern libdev18f4550_a-pic18f4550.asm
              _SPPCFGbits   0x000f63       data     extern libdev18f4550_a-pic18f4550.asm
                  _SPPEPS   0x000f64       data     extern libdev18f4550_a-pic18f4550.asm
              _SPPEPSbits   0x000f64       data     extern libdev18f4550_a-pic18f4550.asm
                  _SPPCON   0x000f65       data     extern libdev18f4550_a-pic18f4550.asm
              _SPPCONbits   0x000f65       data     extern libdev18f4550_a-pic18f4550.asm
                    _UFRM   0x000f66       data     extern libdev18f4550_a-pic18f4550.asm
                   _UFRML   0x000f66       data     extern libdev18f4550_a-pic18f4550.asm
               _UFRMLbits   0x000f66       data     extern libdev18f4550_a-pic18f4550.asm
                   _UFRMH   0x000f67       data     extern libdev18f4550_a-pic18f4550.asm
               _UFRMHbits   0x000f67       data     extern libdev18f4550_a-pic18f4550.asm
                     _UIR   0x000f68       data     extern libdev18f4550_a-pic18f4550.asm
                 _UIRbits   0x000f68       data     extern libdev18f4550_a-pic18f4550.asm
                     _UIE   0x000f69       data     extern libdev18f4550_a-pic18f4550.asm
                 _UIEbits   0x000f69       data     extern libdev18f4550_a-pic18f4550.asm
                    _UEIR   0x000f6a       data     extern libdev18f4550_a-pic18f4550.asm
                _UEIRbits   0x000f6a       data     extern libdev18f4550_a-pic18f4550.asm
                    _UEIE   0x000f6b       data     extern libdev18f4550_a-pic18f4550.asm
                _UEIEbits   0x000f6b       data     extern libdev18f4550_a-pic18f4550.asm
                   _USTAT   0x000f6c       data     extern libdev18f4550_a-pic18f4550.asm
               _USTATbits   0x000f6c       data     extern libdev18f4550_a-pic18f4550.asm
                    _UCON   0x000f6d       data     extern libdev18f4550_a-pic18f4550.asm
                _UCONbits   0x000f6d       data     extern libdev18f4550_a-pic18f4550.asm
                   _UADDR   0x000f6e       data     extern libdev18f4550_a-pic18f4550.asm
               _UADDRbits   0x000f6e       data     extern libdev18f4550_a-pic18f4550.asm
                    _UCFG   0x000f6f       data     extern libdev18f4550_a-pic18f4550.asm
                _UCFGbits   0x000f6f       data     extern libdev18f4550_a-pic18f4550.asm
                    _UEP0   0x000f70       data     extern libdev18f4550_a-pic18f4550.asm
                _UEP0bits   0x000f70       data     extern libdev18f4550_a-pic18f4550.asm
                    _UEP1   0x000f71       data     extern libdev18f4550_a-pic18f4550.asm
                _UEP1bits   0x000f71       data     extern libdev18f4550_a-pic18f4550.asm
                    _UEP2   0x000f72       data     extern libdev18f4550_a-pic18f4550.asm
                _UEP2bits   0x000f72       data     extern libdev18f4550_a-pic18f4550.asm
                    _UEP3   0x000f73       data     extern libdev18f4550_a-pic18f4550.asm
                _UEP3bits   0x000f73       data     extern libdev18f4550_a-pic18f4550.asm
                    _UEP4   0x000f74       data     extern libdev18f4550_a-pic18f4550.asm
                _UEP4bits   0x000f74       data     extern libdev18f4550_a-pic18f4550.asm
                    _UEP5   0x000f75       data     extern libdev18f4550_a-pic18f4550.asm
                _UEP5bits   0x000f75       data     extern libdev18f4550_a-pic18f4550.asm
                    _UEP6   0x000f76       data     extern libdev18f4550_a-pic18f4550.asm
                _UEP6bits   0x000f76       data     extern libdev18f4550_a-pic18f4550.asm
                    _UEP7   0x000f77       data     extern libdev18f4550_a-pic18f4550.asm
                _UEP7bits   0x000f77       data     extern libdev18f4550_a-pic18f4550.asm
                    _UEP8   0x000f78       data     extern libdev18f4550_a-pic18f4550.asm
                _UEP8bits   0x000f78       data     extern libdev18f4550_a-pic18f4550.asm
                    _UEP9   0x000f79       data     extern libdev18f4550_a-pic18f4550.asm
                _UEP9bits   0x000f79       data     extern libdev18f4550_a-pic18f4550.asm
                   _UEP10   0x000f7a       data     extern libdev18f4550_a-pic18f4550.asm
               _UEP10bits   0x000f7a       data     extern libdev18f4550_a-pic18f4550.asm
                   _UEP11   0x000f7b       data     extern libdev18f4550_a-pic18f4550.asm
               _UEP11bits   0x000f7b       data     extern libdev18f4550_a-pic18f4550.asm
                   _UEP12   0x000f7c       data     extern libdev18f4550_a-pic18f4550.asm
               _UEP12bits   0x000f7c       data     extern libdev18f4550_a-pic18f4550.asm
                   _UEP13   0x000f7d       data     extern libdev18f4550_a-pic18f4550.asm
               _UEP13bits   0x000f7d       data     extern libdev18f4550_a-pic18f4550.asm
                   _UEP14   0x000f7e       data     extern libdev18f4550_a-pic18f4550.asm
               _UEP14bits   0x000f7e       data     extern libdev18f4550_a-pic18f4550.asm
                   _UEP15   0x000f7f       data     extern libdev18f4550_a-pic18f4550.asm
               _UEP15bits   0x000f7f       data     extern libdev18f4550_a-pic18f4550.asm
                   _PORTA   0x000f80       data     extern libdev18f4550_a-pic18f4550.asm
               _PORTAbits   0x000f80       data     extern libdev18f4550_a-pic18f4550.asm
                   _PORTB   0x000f81       data     extern libdev18f4550_a-pic18f4550.asm
               _PORTBbits   0x000f81       data     extern libdev18f4550_a-pic18f4550.asm
                   _PORTC   0x000f82       data     extern libdev18f4550_a-pic18f4550.asm
               _PORTCbits   0x000f82       data     extern libdev18f4550_a-pic18f4550.asm
                   _PORTD   0x000f83       data     extern libdev18f4550_a-pic18f4550.asm
               _PORTDbits   0x000f83       data     extern libdev18f4550_a-pic18f4550.asm
                   _PORTE   0x000f84       data     extern libdev18f4550_a-pic18f4550.asm
               _PORTEbits   0x000f84       data     extern libdev18f4550_a-pic18f4550.asm
                    _LATA   0x000f89       data     extern libdev18f4550_a-pic18f4550.asm
                _LATAbits   0x000f89       data     extern libdev18f4550_a-pic18f4550.asm
                    _LATB   0x000f8a       data     extern libdev18f4550_a-pic18f4550.asm
                _LATBbits   0x000f8a       data     extern libdev18f4550_a-pic18f4550.asm
                    _LATC   0x000f8b       data     extern libdev18f4550_a-pic18f4550.asm
                _LATCbits   0x000f8b       data     extern libdev18f4550_a-pic18f4550.asm
                    _LATD   0x000f8c       data     extern libdev18f4550_a-pic18f4550.asm
                _LATDbits   0x000f8c       data     extern libdev18f4550_a-pic18f4550.asm
                    _LATE   0x000f8d       data     extern libdev18f4550_a-pic18f4550.asm
                _LATEbits   0x000f8d       data     extern libdev18f4550_a-pic18f4550.asm
                    _DDRA   0x000f92       data     extern libdev18f4550_a-pic18f4550.asm
                _DDRAbits   0x000f92       data     extern libdev18f4550_a-pic18f4550.asm
                   _TRISA   0x000f92       data     extern libdev18f4550_a-pic18f4550.asm
               _TRISAbits   0x000f92       data     extern libdev18f4550_a-pic18f4550.asm
                    _DDRB   0x000f93       data     extern libdev18f4550_a-pic18f4550.asm
                _DDRBbits   0x000f93       data     extern libdev18f4550_a-pic18f4550.asm
                   _TRISB   0x000f93       data     extern libdev18f4550_a-pic18f4550.asm
               _TRISBbits   0x000f93       data     extern libdev18f4550_a-pic18f4550.asm
                    _DDRC   0x000f94       data     extern libdev18f4550_a-pic18f4550.asm
                _DDRCbits   0x000f94       data     extern libdev18f4550_a-pic18f4550.asm
                   _TRISC   0x000f94       data     extern libdev18f4550_a-pic18f4550.asm
               _TRISCbits   0x000f94       data     extern libdev18f4550_a-pic18f4550.asm
                    _DDRD   0x000f95       data     extern libdev18f4550_a-pic18f4550.asm
                _DDRDbits   0x000f95       data     extern libdev18f4550_a-pic18f4550.asm
                   _TRISD   0x000f95       data     extern libdev18f4550_a-pic18f4550.asm
               _TRISDbits   0x000f95       data     extern libdev18f4550_a-pic18f4550.asm
                    _DDRE   0x000f96       data     extern libdev18f4550_a-pic18f4550.asm
                _DDREbits   0x000f96       data     extern libdev18f4550_a-pic18f4550.asm
                   _TRISE   0x000f96       data     extern libdev18f4550_a-pic18f4550.asm
               _TRISEbits   0x000f96       data     extern libdev18f4550_a-pic18f4550.asm
                 _OSCTUNE   0x000f9b       data     extern libdev18f4550_a-pic18f4550.asm
             _OSCTUNEbits   0x000f9b       data     extern libdev18f4550_a-pic18f4550.asm
                    _PIE1   0x000f9d       data     extern libdev18f4550_a-pic18f4550.asm
                _PIE1bits   0x000f9d       data     extern libdev18f4550_a-pic18f4550.asm
                    _PIR1   0x000f9e       data     extern libdev18f4550_a-pic18f4550.asm
                _PIR1bits   0x000f9e       data     extern libdev18f4550_a-pic18f4550.asm
                    _IPR1   0x000f9f       data     extern libdev18f4550_a-pic18f4550.asm
                _IPR1bits   0x000f9f       data     extern libdev18f4550_a-pic18f4550.asm
                    _PIE2   0x000fa0       data     extern libdev18f4550_a-pic18f4550.asm
                _PIE2bits   0x000fa0       data     extern libdev18f4550_a-pic18f4550.asm
                    _PIR2   0x000fa1       data     extern libdev18f4550_a-pic18f4550.asm
                _PIR2bits   0x000fa1       data     extern libdev18f4550_a-pic18f4550.asm
                    _IPR2   0x000fa2       data     extern libdev18f4550_a-pic18f4550.asm
                _IPR2bits   0x000fa2       data     extern libdev18f4550_a-pic18f4550.asm
                  _EECON1   0x000fa6       data     extern libdev18f4550_a-pic18f4550.asm
              _EECON1bits   0x000fa6       data     extern libdev18f4550_a-pic18f4550.asm
                  _EECON2   0x000fa7       data     extern libdev18f4550_a-pic18f4550.asm
                  _EEDATA   0x000fa8       data     extern libdev18f4550_a-pic18f4550.asm
                   _EEADR   0x000fa9       data     extern libdev18f4550_a-pic18f4550.asm
                   _RCSTA   0x000fab       data     extern libdev18f4550_a-pic18f4550.asm
               _RCSTAbits   0x000fab       data     extern libdev18f4550_a-pic18f4550.asm
                   _TXSTA   0x000fac       data     extern libdev18f4550_a-pic18f4550.asm
               _TXSTAbits   0x000fac       data     extern libdev18f4550_a-pic18f4550.asm
                   _TXREG   0x000fad       data     extern libdev18f4550_a-pic18f4550.asm
                   _RCREG   0x000fae       data     extern libdev18f4550_a-pic18f4550.asm
                   _SPBRG   0x000faf       data     extern libdev18f4550_a-pic18f4550.asm
                  _SPBRGH   0x000fb0       data     extern libdev18f4550_a-pic18f4550.asm
                   _T3CON   0x000fb1       data     extern libdev18f4550_a-pic18f4550.asm
               _T3CONbits   0x000fb1       data     extern libdev18f4550_a-pic18f4550.asm
                    _TMR3   0x000fb2       data     extern libdev18f4550_a-pic18f4550.asm
                   _TMR3L   0x000fb2       data     extern libdev18f4550_a-pic18f4550.asm
                   _TMR3H   0x000fb3       data     extern libdev18f4550_a-pic18f4550.asm
                   _CMCON   0x000fb4       data     extern libdev18f4550_a-pic18f4550.asm
               _CMCONbits   0x000fb4       data     extern libdev18f4550_a-pic18f4550.asm
                  _CVRCON   0x000fb5       data     extern libdev18f4550_a-pic18f4550.asm
              _CVRCONbits   0x000fb5       data     extern libdev18f4550_a-pic18f4550.asm
                  _CCP1AS   0x000fb6       data     extern libdev18f4550_a-pic18f4550.asm
              _CCP1ASbits   0x000fb6       data     extern libdev18f4550_a-pic18f4550.asm
                 _ECCP1AS   0x000fb6       data     extern libdev18f4550_a-pic18f4550.asm
             _ECCP1ASbits   0x000fb6       data     extern libdev18f4550_a-pic18f4550.asm
                 _CCP1DEL   0x000fb7       data     extern libdev18f4550_a-pic18f4550.asm
             _CCP1DELbits   0x000fb7       data     extern libdev18f4550_a-pic18f4550.asm
                _ECCP1DEL   0x000fb7       data     extern libdev18f4550_a-pic18f4550.asm
            _ECCP1DELbits   0x000fb7       data     extern libdev18f4550_a-pic18f4550.asm
                 _BAUDCON   0x000fb8       data     extern libdev18f4550_a-pic18f4550.asm
             _BAUDCONbits   0x000fb8       data     extern libdev18f4550_a-pic18f4550.asm
                 _BAUDCTL   0x000fb8       data     extern libdev18f4550_a-pic18f4550.asm
             _BAUDCTLbits   0x000fb8       data     extern libdev18f4550_a-pic18f4550.asm
                 _CCP2CON   0x000fba       data     extern libdev18f4550_a-pic18f4550.asm
             _CCP2CONbits   0x000fba       data     extern libdev18f4550_a-pic18f4550.asm
                   _CCPR2   0x000fbb       data     extern libdev18f4550_a-pic18f4550.asm
                  _CCPR2L   0x000fbb       data     extern libdev18f4550_a-pic18f4550.asm
                  _CCPR2H   0x000fbc       data     extern libdev18f4550_a-pic18f4550.asm
                 _CCP1CON   0x000fbd       data     extern libdev18f4550_a-pic18f4550.asm
             _CCP1CONbits   0x000fbd       data     extern libdev18f4550_a-pic18f4550.asm
                _ECCP1CON   0x000fbd       data     extern libdev18f4550_a-pic18f4550.asm
            _ECCP1CONbits   0x000fbd       data     extern libdev18f4550_a-pic18f4550.asm
                   _CCPR1   0x000fbe       data     extern libdev18f4550_a-pic18f4550.asm
                  _CCPR1L   0x000fbe       data     extern libdev18f4550_a-pic18f4550.asm
                  _CCPR1H   0x000fbf       data     extern libdev18f4550_a-pic18f4550.asm
                  _ADCON2   0x000fc0       data     extern libdev18f4550_a-pic18f4550.asm
              _ADCON2bits   0x000fc0       data     extern libdev18f4550_a-pic18f4550.asm
                  _ADCON1   0x000fc1       data     extern libdev18f4550_a-pic18f4550.asm
              _ADCON1bits   0x000fc1       data     extern libdev18f4550_a-pic18f4550.asm
                  _ADCON0   0x000fc2       data     extern libdev18f4550_a-pic18f4550.asm
              _ADCON0bits   0x000fc2       data     extern libdev18f4550_a-pic18f4550.asm
                   _ADRES   0x000fc3       data     extern libdev18f4550_a-pic18f4550.asm
                  _ADRESL   0x000fc3       data     extern libdev18f4550_a-pic18f4550.asm
                  _ADRESH   0x000fc4       data     extern libdev18f4550_a-pic18f4550.asm
                 _SSPCON2   0x000fc5       data     extern libdev18f4550_a-pic18f4550.asm
             _SSPCON2bits   0x000fc5       data     extern libdev18f4550_a-pic18f4550.asm
                 _SSPCON1   0x000fc6       data     extern libdev18f4550_a-pic18f4550.asm
             _SSPCON1bits   0x000fc6       data     extern libdev18f4550_a-pic18f4550.asm
                 _SSPSTAT   0x000fc7       data     extern libdev18f4550_a-pic18f4550.asm
             _SSPSTATbits   0x000fc7       data     extern libdev18f4550_a-pic18f4550.asm
                  _SSPADD   0x000fc8       data     extern libdev18f4550_a-pic18f4550.asm
                  _SSPBUF   0x000fc9       data     extern libdev18f4550_a-pic18f4550.asm
                   _T2CON   0x000fca       data     extern libdev18f4550_a-pic18f4550.asm
               _T2CONbits   0x000fca       data     extern libdev18f4550_a-pic18f4550.asm
                     _PR2   0x000fcb       data     extern libdev18f4550_a-pic18f4550.asm
                    _TMR2   0x000fcc       data     extern libdev18f4550_a-pic18f4550.asm
                   _T1CON   0x000fcd       data     extern libdev18f4550_a-pic18f4550.asm
               _T1CONbits   0x000fcd       data     extern libdev18f4550_a-pic18f4550.asm
                    _TMR1   0x000fce       data     extern libdev18f4550_a-pic18f4550.asm
                   _TMR1L   0x000fce       data     extern libdev18f4550_a-pic18f4550.asm
                   _TMR1H   0x000fcf       data     extern libdev18f4550_a-pic18f4550.asm
                    _RCON   0x000fd0       data     extern libdev18f4550_a-pic18f4550.asm
                _RCONbits   0x000fd0       data     extern libdev18f4550_a-pic18f4550.asm
                  _WDTCON   0x000fd1       data     extern libdev18f4550_a-pic18f4550.asm
              _WDTCONbits   0x000fd1       data     extern libdev18f4550_a-pic18f4550.asm
                 _HLVDCON   0x000fd2       data     extern libdev18f4550_a-pic18f4550.asm
             _HLVDCONbits   0x000fd2       data     extern libdev18f4550_a-pic18f4550.asm
                  _LVDCON   0x000fd2       data     extern libdev18f4550_a-pic18f4550.asm
              _LVDCONbits   0x000fd2       data     extern libdev18f4550_a-pic18f4550.asm
                  _OSCCON   0x000fd3       data     extern libdev18f4550_a-pic18f4550.asm
              _OSCCONbits   0x000fd3       data     extern libdev18f4550_a-pic18f4550.asm
                   _T0CON   0x000fd5       data     extern libdev18f4550_a-pic18f4550.asm
               _T0CONbits   0x000fd5       data     extern libdev18f4550_a-pic18f4550.asm
                    _TMR0   0x000fd6       data     extern libdev18f4550_a-pic18f4550.asm
                   _TMR0L   0x000fd6       data     extern libdev18f4550_a-pic18f4550.asm
                   _TMR0H   0x000fd7       data     extern libdev18f4550_a-pic18f4550.asm
                  _STATUS   0x000fd8       data     extern libdev18f4550_a-pic18f4550.asm
              _STATUSbits   0x000fd8       data     extern libdev18f4550_a-pic18f4550.asm
                   _FSR2L   0x000fd9       data     extern libdev18f4550_a-pic18f4550.asm
                   _FSR2H   0x000fda       data     extern libdev18f4550_a-pic18f4550.asm
                  _PLUSW2   0x000fdb       data     extern libdev18f4550_a-pic18f4550.asm
                 _PREINC2   0x000fdc       data     extern libdev18f4550_a-pic18f4550.asm
                _POSTDEC2   0x000fdd       data     extern libdev18f4550_a-pic18f4550.asm
                _POSTINC2   0x000fde       data     extern libdev18f4550_a-pic18f4550.asm
                   _INDF2   0x000fdf       data     extern libdev18f4550_a-pic18f4550.asm
                     _BSR   0x000fe0       data     extern libdev18f4550_a-pic18f4550.asm
                   _FSR1L   0x000fe1       data     extern libdev18f4550_a-pic18f4550.asm
                   _FSR1H   0x000fe2       data     extern libdev18f4550_a-pic18f4550.asm
                  _PLUSW1   0x000fe3       data     extern libdev18f4550_a-pic18f4550.asm
                 _PREINC1   0x000fe4       data     extern libdev18f4550_a-pic18f4550.asm
                _POSTDEC1   0x000fe5       data     extern libdev18f4550_a-pic18f4550.asm
                _POSTINC1   0x000fe6       data     extern libdev18f4550_a-pic18f4550.asm
                   _INDF1   0x000fe7       data     extern libdev18f4550_a-pic18f4550.asm
                    _WREG   0x000fe8       data     extern libdev18f4550_a-pic18f4550.asm
                   _FSR0L   0x000fe9       data     extern libdev18f4550_a-pic18f4550.asm
                   _FSR0H   0x000fea       data     extern libdev18f4550_a-pic18f4550.asm
                  _PLUSW0   0x000feb       data     extern libdev18f4550_a-pic18f4550.asm
                 _PREINC0   0x000fec       data     extern libdev18f4550_a-pic18f4550.asm
                _POSTDEC0   0x000fed       data     extern libdev18f4550_a-pic18f4550.asm
                _POSTINC0   0x000fee       data     extern libdev18f4550_a-pic18f4550.asm
                   _INDF0   0x000fef       data     extern libdev18f4550_a-pic18f4550.asm
                 _INTCON3   0x000ff0       data     extern libdev18f4550_a-pic18f4550.asm
             _INTCON3bits   0x000ff0       data     extern libdev18f4550_a-pic18f4550.asm
                 _INTCON2   0x000ff1       data     extern libdev18f4550_a-pic18f4550.asm
             _INTCON2bits   0x000ff1       data     extern libdev18f4550_a-pic18f4550.asm
                  _INTCON   0x000ff2       data     extern libdev18f4550_a-pic18f4550.asm
              _INTCONbits   0x000ff2       data     extern libdev18f4550_a-pic18f4550.asm
                    _PROD   0x000ff3       data     extern libdev18f4550_a-pic18f4550.asm
                   _PRODL   0x000ff3       data     extern libdev18f4550_a-pic18f4550.asm
                   _PRODH   0x000ff4       data     extern libdev18f4550_a-pic18f4550.asm
                  _TABLAT   0x000ff5       data     extern libdev18f4550_a-pic18f4550.asm
                  _TBLPTR   0x000ff6       data     extern libdev18f4550_a-pic18f4550.asm
                 _TBLPTRL   0x000ff6       data     extern libdev18f4550_a-pic18f4550.asm
                 _TBLPTRH   0x000ff7       data     extern libdev18f4550_a-pic18f4550.asm
                 _TBLPTRU   0x000ff8       data     extern libdev18f4550_a-pic18f4550.asm
                      _PC   0x000ff9       data     extern libdev18f4550_a-pic18f4550.asm
                     _PCL   0x000ff9       data     extern libdev18f4550_a-pic18f4550.asm
                  _PCLATH   0x000ffa       data     extern libdev18f4550_a-pic18f4550.asm
                  _PCLATU   0x000ffb       data     extern libdev18f4550_a-pic18f4550.asm
                  _STKPTR   0x000ffc       data     extern libdev18f4550_a-pic18f4550.asm
              _STKPTRbits   0x000ffc       data     extern libdev18f4550_a-pic18f4550.asm
                     _TOS   0x000ffd       data     extern libdev18f4550_a-pic18f4550.asm
                    _TOSL   0x000ffd       data     extern libdev18f4550_a-pic18f4550.asm
                    _TOSH   0x000ffe       data     extern libdev18f4550_a-pic18f4550.asm
                    _TOSU   0x000fff       data     extern libdev18f4550_a-pic18f4550.asm


